// Jest Snapshot v1, https://goo.gl/fbAQLP

exports[`<PageTitle /> should match the snapshot 1`] = `
<div>
  <h1
    class="page-title"
    data-testid="page-title"
  >
    label text
  </h1>
</div>
`;
